// Jest Snapshot v1, https://goo.gl/fbAQLP

exports[`info component should render Info component 1`] = `
<h1>
  0
</h1>
`;
